VBCSCompilerPreWarmer: pre-warm launched (dotnet PID 14040)
VBCSCompiler prewarm took 51.31 ms
[Licensing::Module] Trying to connect to existing licensing client channel...
Built from '6000.6/respin/6000.6.0f1-fa21a270ab12' branch; Version is '6000.6.0f1 (f7f8ed4d1e24) revision 16251117'; Using compiler version '194234433'; Build Type 'Release'
[Licensing::IpcConnector] Successfully connected to: "LicenseClient-bijou" at "2026-09-20T00:00:18.4576802Z"
OS: 'Windows 11  (10.0.26200) Core' Language: 'en' Physical Memory: 15791 MB
BatchMode: 0, IsHumanControllingUs: 1, StartBugReporterOnCrash: 1, Is64bit: 1
System  architecture: x64
Process architecture: x64
Date: 2026-09-20T00:00:18Z
[Licensing::Client] Code 10 while verifying Licensing Client signature (process Id: 12076, path: "C:/Program Files/Unity/Hub/Editor/6000.6.0f1/Editor/Data/Resources/Licensing/Client/Unity.Licensing.Client.exe")
[Licensing::Module] LicensingClient has failed validation; ignoring
[Licensing::Client] Handshaking with LicensingClient:
  Version:                 1.18.3+d7ffd15
  Session Id:              0e6c754c548144e5bc5f131e877e0cc7
  Correlation Id:          331e0d1356866718e55304a078e13b8d
  External correlation Id: 2959563036177981296
  Machine Id:              FV32nWODz2KCFus7cOEsrD4ZGt4=
[Licensing::Module] Successfully connected to LicensingClient on channel: "LicenseClient-bijou" (connect: 0.00s, validation: 0.00s, handshake: 0.11s)
[Licensing::IpcConnector] Successfully connected to: "LicenseClient-bijou-notifications" at "2026-09-20T00:00:18.5672914Z"
[Licensing::Client] Successfully updated the access token
[Licensing::Module] Successfully updated the access token EaT96M-Azh...
[Licensing::Client] Successfully resolved entitlement details
[Licensing::Module] License group:
  Id: 3574455796790-UnityPersXXXX
  Product: Unity Personal
  Type: Assigned
  Expiration: Unlimited
[Licensing::Client] Successfully updated license, isAsync: True, time: 0.01
[Licensing::Client] Successfully resolved entitlement details
[Licensing::Module] Licensing Background thread has ended after 0.13s

COMMAND LINE ARGUMENTS:
C:\Program Files\Unity\Hub\Editor\6000.6.0f1\Editor\Unity.exe
-projectpath
C:\Users\bijou\OneDrive\Documents\GitHub\CART 315\CART315_P1_Pong-main
-acceptSoftwareTermsForThisRunOnly
-useHub
-hubIPC
-cloudEnvironment
production
-licensingIpc
LicenseClient-bijou
-hubSessionId
edc8a894-e90d-4785-b90c-f6ca6330432b
-accessToken
EaT96M-AzheAU5otDPm3Sho5ud6z-pjhnNfujtqG5RM003f
Successfully changed project path to: C:\Users\bijou\OneDrive\Documents\GitHub\CART 315\CART315_P1_Pong-main
C:/Users/bijou/OneDrive/Documents/GitHub/CART 315/CART315_P1_Pong-main
[UnityMemory] Configuration Parameters - Can be set up in boot.config
    "memorysetup-temp-allocator-size-gi-baking-worker=262144"
    "memorysetup-temp-allocator-size-gi-baking-worker=262144"
    "memorysetup-temp-allocator-size-gi-baking-worker=262144"
    "memorysetup-temp-allocator-size-gi-baking-worker=262144"
    "memorysetup-temp-allocator-size-gi-baking-worker=262144"
    "memorysetup-temp-allocator-size-nav-mesh-worker=65536"
    "memorysetup-temp-allocator-size-audio-worker=65536"
    "memorysetup-temp-allocator-size-cloud-worker=32768"
    "memorysetup-temp-allocator-size-gfx=262144"
    "memorysetup-remapper-allocator-initial-capacity=32768"
    "memorysetup-temp-allocator-size-preload-manager=33554432"
    "memorysetup-allocator-temp-initial-block-size-main=262144"
    "memorysetup-allocator-temp-initial-block-size-worker=262144"
    "memorysetup-temp-allocator-size-job-worker=262144"
    "memorysetup-temp-allocator-size-background-worker=32768"
    "memorysetup-bucket-allocator-granularity=16"
    "memorysetup-bucket-allocator-bucket-count=8"
    "memorysetup-bucket-allocator-block-size=33554432"
    "memorysetup-bucket-allocator-block-count=8"
    "memorysetup-main-allocator-block-size=16777216"
    "memorysetup-thread-allocator-block-size=16777216"
    "memorysetup-main-allocator-mimalloc-enabled=1"
    "memorysetup-gfx-main-allocator-block-size=16777216"
    "memorysetup-gfx-thread-allocator-block-size=16777216"
    "memorysetup-cache-allocator-block-size=4194304"
    "memorysetup-typetree-allocator-block-size=2097152"
    "memorysetup-profiler-bucket-allocator-granularity=16"
    "memorysetup-profiler-bucket-allocator-bucket-count=8"
    "memorysetup-profiler-bucket-allocator-block-size=33554432"
    "memorysetup-profiler-bucket-allocator-block-count=8"
    "memorysetup-profiler-allocator-block-size=16777216"
    "memorysetup-profiler-editor-allocator-block-size=1048576"
    "memorysetup-temp-allocator-size-main=16777216"
    "memorysetup-job-temp-allocator-block-size=2097152"
    "memorysetup-job-temp-allocator-block-size-background=1048576"
    "memorysetup-job-temp-allocator-reduction-small-platforms=262144"
Player connection [33412]  Target information:

Player connection [33412]  * "[IP] 192.168.0.13 [Port] 55505 [Flags] 2 [Guid] 1330838142 [EditorId] 1330838142 [Version] 1048832 [Id] WindowsEditor(7,LAPTOP-DLKG6HSR) [Debug] 1 [PackageName] WindowsEditor [ProjectName] Editor" 

Player connection [33412] Host joined multi-casting on [225.0.0.222:54997]...
Player connection [33412] Host joined alternative multi-casting on [225.0.0.222:34997]...
Input System module state changed to: Initialized.
[Physics::Module] Initialized fallback backend.
[Physics::Module] Id: 0xdecafbad
[Package Manager] Connected to IPC stream "Upm-30496" after 0.7 seconds.
[Licensing::Client] Successfully resolved entitlement details
Library Redirect Path: Library/
Rebuilding Library because the asset database could not be found!
[ExitDontLaunchBugReporter] Exiting without the bug reporter. Application will exit with return code 0
